// Jest Snapshot v1, https://goo.gl/fbAQLP

exports[`SignUp snapshot 1`] = `
Array [
  <div
    className="signup-page"
  >
    <div>
      SignUp
    </div>
    <form
      onSubmit={[Function]}
    >
      <input
        className="signInput"
        id="username"
        name="username"
        onChange={[Function]}
        placeholder="User"
        required={true}
        type="text"
      />
      <input
        className="signInput"
        id="email"
        name="email"
        onChange={[Function]}
        placeholder="Email"
        required={true}
        type="email"
      />
      <input
        className="signInput"
        id="password"
        name="password"
        onChange={[Function]}
        placeholder="Password"
        required={true}
        type="password"
      />
      <button
        type="submit"
      >
        Register
      </button>
    </form>
  </div>,
  ";",
]
`;
