// Jest Snapshot v1, https://goo.gl/fbAQLP

exports[`splash snapshot 1`] = `
Array [
  <section
    className="splash-page"
  >
    <img
      alt="mainLogo"
      className="mainLogo"
      src="YELLOW-3.png"
    />
    <section>
      <button
        className="registerBtn"
        id="loginBtn"
        onClick={[Function]}
        type="button"
      >
        LOGIN
      </button>
      <div
        className="modalInactive"
      >
        <form
          className="login-form"
          onSubmit={[Function]}
        >
          <div
            className="signupTitle"
          >
            <h3
              className="signup"
            >
              LogIn
            </h3>
            <button
              className="closeBtn"
              onClick={[Function]}
              type="button"
            >
              <svg
                className="crossBtn"
                fill="currentColor"
                height="24px"
                stroke="currentColor"
                strokeWidth="0"
                style={
                  Object {
                    "color": undefined,
                  }
                }
                version="1.1"
                viewBox="0 0 16 16"
                width="24px"
                xmlns="http://www.w3.org/2000/svg"
              >
                <path
                  d="M15.854 12.854c-0-0-0-0-0-0l-4.854-4.854 4.854-4.854c0-0 0-0 0-0 0.052-0.052 0.090-0.113 0.114-0.178 0.066-0.178 0.028-0.386-0.114-0.529l-2.293-2.293c-0.143-0.143-0.351-0.181-0.529-0.114-0.065 0.024-0.126 0.062-0.178 0.114 0 0-0 0-0 0l-4.854 4.854-4.854-4.854c-0-0-0-0-0-0-0.052-0.052-0.113-0.090-0.178-0.114-0.178-0.066-0.386-0.029-0.529 0.114l-2.293 2.293c-0.143 0.143-0.181 0.351-0.114 0.529 0.024 0.065 0.062 0.126 0.114 0.178 0 0 0 0 0 0l4.854 4.854-4.854 4.854c-0 0-0 0-0 0-0.052 0.052-0.090 0.113-0.114 0.178-0.066 0.178-0.029 0.386 0.114 0.529l2.293 2.293c0.143 0.143 0.351 0.181 0.529 0.114 0.065-0.024 0.126-0.062 0.178-0.114 0-0 0-0 0-0l4.854-4.854 4.854 4.854c0 0 0 0 0 0 0.052 0.052 0.113 0.090 0.178 0.114 0.178 0.066 0.386 0.029 0.529-0.114l2.293-2.293c0.143-0.143 0.181-0.351 0.114-0.529-0.024-0.065-0.062-0.126-0.114-0.178z"
                />
              </svg>
            </button>
          </div>
          <input
            className="loginInput"
            name="login"
            onChange={[Function]}
            placeholder="User"
            required={true}
            type="text"
            value=""
          />
          <input
            className="loginInput"
            name="password"
            onChange={[Function]}
            placeholder="Password"
            required={true}
            type="password"
            value=""
          />
          <button
            className="registerBtn"
            type="submit"
          >
            LogIn
          </button>
        </form>
      </div>
    </section>
    <section>
      <button
        className="registerBtn"
        id="signBtn"
        onClick={[Function]}
        type="button"
      >
        REGISTER
      </button>
      <div
        className="modalInactive"
      >
        <div
          className="signupTitle"
        >
          <h3
            className="signup"
          >
            SignUp
          </h3>
          <button
            className="closeBtn"
            onClick={[Function]}
            type="button"
          >
            <svg
              className="crossBtn"
              fill="currentColor"
              height="24px"
              stroke="currentColor"
              strokeWidth="0"
              style={
                Object {
                  "color": undefined,
                }
              }
              version="1.1"
              viewBox="0 0 16 16"
              width="24px"
              xmlns="http://www.w3.org/2000/svg"
            >
              <path
                d="M15.854 12.854c-0-0-0-0-0-0l-4.854-4.854 4.854-4.854c0-0 0-0 0-0 0.052-0.052 0.090-0.113 0.114-0.178 0.066-0.178 0.028-0.386-0.114-0.529l-2.293-2.293c-0.143-0.143-0.351-0.181-0.529-0.114-0.065 0.024-0.126 0.062-0.178 0.114 0 0-0 0-0 0l-4.854 4.854-4.854-4.854c-0-0-0-0-0-0-0.052-0.052-0.113-0.090-0.178-0.114-0.178-0.066-0.386-0.029-0.529 0.114l-2.293 2.293c-0.143 0.143-0.181 0.351-0.114 0.529 0.024 0.065 0.062 0.126 0.114 0.178 0 0 0 0 0 0l4.854 4.854-4.854 4.854c-0 0-0 0-0 0-0.052 0.052-0.090 0.113-0.114 0.178-0.066 0.178-0.029 0.386 0.114 0.529l2.293 2.293c0.143 0.143 0.351 0.181 0.529 0.114 0.065-0.024 0.126-0.062 0.178-0.114 0-0 0-0 0-0l4.854-4.854 4.854 4.854c0 0 0 0 0 0 0.052 0.052 0.113 0.090 0.178 0.114 0.178 0.066 0.386 0.029 0.529-0.114l2.293-2.293c0.143-0.143 0.181-0.351 0.114-0.529-0.024-0.065-0.062-0.126-0.114-0.178z"
              />
            </svg>
          </button>
        </div>
        <form
          onSubmit={[Function]}
        >
          <input
            className="loginInput"
            id="username"
            name="username"
            onChange={[Function]}
            placeholder="User"
            required={true}
            type="text"
          />
          <input
            className="loginInput"
            id="email"
            name="email"
            onChange={[Function]}
            placeholder="Email"
            required={true}
            type="email"
          />
          <input
            className="loginInput"
            id="password"
            name="password"
            onChange={[Function]}
            placeholder="Password"
            required={true}
            type="password"
          />
          <button
            className="registerBtn"
            type="submit"
          >
            Register
          </button>
        </form>
      </div>
    </section>
    <footer
      className="footer"
    >
      <li
        className="profile"
      >
        Microverse Final Capstone Team
      </li>
      <ul
        className="ulProfile"
      >
        <li>
          <a
            className="profile"
            href="https://github.com/marurevi"
            rel="noopener noreferrer"
            target="_blank"
          >
            Mariana
          </a>
        </li>
        <li>
          <a
            className="profile"
            href="https://github.com/anagudelogu"
            rel="noopener noreferrer"
            target="_blank"
          >
            Andres
          </a>
        </li>
        <li>
          <a
            className="profile"
            href="https://github.com/AxelSoler"
            rel="noopener noreferrer"
            target="_blank"
          >
            Axel
          </a>
        </li>
        <li>
          <a
            className="profile"
            href="https://github.com/Tadesse-Alemayehu"
            rel="noopener noreferrer"
            target="_blank"
          >
            Tadesse
          </a>
        </li>
      </ul>
    </footer>
  </section>,
  ";",
]
`;
